Component: ARM Compiler 5.06 update 6 (build 750) Tool: armlink [4d35ed]

==============================================================================

Section Cross References

    startup_stm32f407xx.o(RESET) refers to startup_stm32f407xx.o(STACK) for __initial_sp
    startup_stm32f407xx.o(RESET) refers to startup_stm32f407xx.o(.text) for Reset_Handler
    startup_stm32f407xx.o(RESET) refers to stm32f4xx_it.o(i.NMI_Handler) for NMI_Handler
    startup_stm32f407xx.o(RESET) refers to stm32f4xx_it.o(i.HardFault_Handler) for HardFault_Handler
    startup_stm32f407xx.o(RESET) refers to stm32f4xx_it.o(i.MemManage_Handler) for MemManage_Handler
    startup_stm32f407xx.o(RESET) refers to stm32f4xx_it.o(i.BusFault_Handler) for BusFault_Handler
    startup_stm32f407xx.o(RESET) refers to stm32f4xx_it.o(i.UsageFault_Handler) for UsageFault_Handler
    startup_stm32f407xx.o(RESET) refers to stm32f4xx_it.o(i.SVC_Handler) for SVC_Handler
    startup_stm32f407xx.o(RESET) refers to stm32f4xx_it.o(i.DebugMon_Handler) for DebugMon_Handler
    startup_stm32f407xx.o(RESET) refers to stm32f4xx_it.o(i.PendSV_Handler) for PendSV_Handler
    startup_stm32f407xx.o(RESET) refers to stm32f4xx_it.o(i.SysTick_Handler) for SysTick_Handler
    startup_stm32f407xx.o(RESET) refers to stm32f4xx_it.o(i.EXTI2_IRQHandler) for EXTI2_IRQHandler
    startup_stm32f407xx.o(RESET) refers to ws2812b_control.o(i.DMA1_Stream0_IRQHandler) for DMA1_Stream0_IRQHandler
    startup_stm32f407xx.o(RESET) refers to stm32f4xx_it.o(i.TIM1_BRK_TIM9_IRQHandler) for TIM1_BRK_TIM9_IRQHandler
    startup_stm32f407xx.o(RESET) refers to stm32f4xx_it.o(i.USART1_IRQHandler) for USART1_IRQHandler
    startup_stm32f407xx.o(RESET) refers to stm32f4xx_it.o(i.USART3_IRQHandler) for USART3_IRQHandler
    startup_stm32f407xx.o(RESET) refers to stm32f4xx_it.o(i.EXTI15_10_IRQHandler) for EXTI15_10_IRQHandler
    startup_stm32f407xx.o(RESET) refers to stm32f4xx_it.o(i.USART6_IRQHandler) for USART6_IRQHandler
    startup_stm32f407xx.o(.text) refers to system_stm32f4xx.o(i.SystemInit) for SystemInit
    startup_stm32f407xx.o(.text) refers to entry.o(.ARM.Collect$$$$00000000) for __main
    main.o(i.main) refers to init.o(i.SystemClock_Config) for SystemClock_Config
    main.o(i.main) refers to init.o(i.LED_debug_init) for LED_debug_init
    main.o(i.main) refers to init.o(i.MX_DMA_Init) for MX_DMA_Init
    main.o(i.main) refers to init.o(i.MX_GPIO_Init) for MX_GPIO_Init
    main.o(i.main) refers to init.o(i.MX_TIM4_Init) for MX_TIM4_Init
    main.o(i.main) refers to init.o(i.MX_TIM9_Init) for MX_TIM9_Init
    main.o(i.main) refers to ws2812b_control.o(i.led_set_color_all) for led_set_color_all
    main.o(i.main) refers to ws2812b_control.o(i.led_update) for led_update
    main.o(i.main) refers to functions.o(i.testFunction) for testFunction
    main.o(i.main) refers to main.o(i.showLED) for showLED
    main.o(i.showLED) refers to functions.o(i.loadDataToLED) for loadDataToLED
    main.o(i.showLED) refers to ws2812b_control.o(i.led_update) for led_update
    main.o(i.showLED) refers to stm32f4xx_it.o(.data) for timePerAngle
    stm32f4xx_it.o(i.EXTI15_10_IRQHandler) refers to stm32f4xx_it.o(i.LL_EXTI_IsActiveFlag_0_31) for LL_EXTI_IsActiveFlag_0_31
    stm32f4xx_it.o(i.EXTI15_10_IRQHandler) refers to stm32f4xx_it.o(.data) for .data
    stm32f4xx_it.o(i.EXTI2_IRQHandler) refers to stm32f4xx_it.o(i.LL_EXTI_IsActiveFlag_0_31) for LL_EXTI_IsActiveFlag_0_31
    stm32f4xx_it.o(i.TIM1_BRK_TIM9_IRQHandler) refers to stm32f4xx_it.o(.data) for .data
    init.o(i.LED_debug_init) refers to memseta.o(.text) for __aeabi_memclr4
    init.o(i.LED_debug_init) refers to init.o(i.LL_APB2_GRP1_EnableClock) for LL_APB2_GRP1_EnableClock
    init.o(i.LED_debug_init) refers to stm32f4xx_ll_gpio.o(i.LL_GPIO_Init) for LL_GPIO_Init
    init.o(i.LL_TIM_IC_SetActiveInput) refers to init.o(.constdata) for .constdata
    init.o(i.LL_TIM_IC_SetFilter) refers to init.o(.constdata) for .constdata
    init.o(i.LL_TIM_IC_SetPolarity) refers to init.o(.constdata) for .constdata
    init.o(i.LL_TIM_IC_SetPrescaler) refers to init.o(.constdata) for .constdata
    init.o(i.LL_TIM_OC_DisableFast) refers to init.o(.constdata) for .constdata
    init.o(i.LL_TIM_OC_EnablePreload) refers to init.o(.constdata) for .constdata
    init.o(i.MX_DMA_Init) refers to init.o(i.LL_AHB1_GRP1_EnableClock) for LL_AHB1_GRP1_EnableClock
    init.o(i.MX_DMA_Init) refers to init.o(i.__NVIC_GetPriorityGrouping) for __NVIC_GetPriorityGrouping
    init.o(i.MX_DMA_Init) refers to init.o(i.NVIC_EncodePriority) for NVIC_EncodePriority
    init.o(i.MX_DMA_Init) refers to init.o(i.__NVIC_SetPriority) for __NVIC_SetPriority
    init.o(i.MX_DMA_Init) refers to init.o(i.__NVIC_EnableIRQ) for __NVIC_EnableIRQ
    init.o(i.MX_GPIO_Init) refers to init.o(i.LL_AHB1_GRP1_EnableClock) for LL_AHB1_GRP1_EnableClock
    init.o(i.MX_GPIO_Init) refers to init.o(i.LL_SYSCFG_SetEXTISource) for LL_SYSCFG_SetEXTISource
    init.o(i.MX_GPIO_Init) refers to stm32f4xx_ll_exti.o(i.LL_EXTI_Init) for LL_EXTI_Init
    init.o(i.MX_GPIO_Init) refers to init.o(i.LL_GPIO_SetPinPull) for LL_GPIO_SetPinPull
    init.o(i.MX_GPIO_Init) refers to init.o(i.LL_GPIO_SetPinMode) for LL_GPIO_SetPinMode
    init.o(i.MX_GPIO_Init) refers to init.o(i.__NVIC_GetPriorityGrouping) for __NVIC_GetPriorityGrouping
    init.o(i.MX_GPIO_Init) refers to init.o(i.NVIC_EncodePriority) for NVIC_EncodePriority
    init.o(i.MX_GPIO_Init) refers to init.o(i.__NVIC_SetPriority) for __NVIC_SetPriority
    init.o(i.MX_GPIO_Init) refers to init.o(i.__NVIC_EnableIRQ) for __NVIC_EnableIRQ
    init.o(i.MX_I2C2_Init) refers to memseta.o(.text) for __aeabi_memclr4
    init.o(i.MX_I2C2_Init) refers to init.o(i.LL_AHB1_GRP1_EnableClock) for LL_AHB1_GRP1_EnableClock
    init.o(i.MX_I2C2_Init) refers to stm32f4xx_ll_gpio.o(i.LL_GPIO_Init) for LL_GPIO_Init
    init.o(i.MX_I2C2_Init) refers to init.o(i.LL_APB1_GRP1_EnableClock) for LL_APB1_GRP1_EnableClock
    init.o(i.MX_I2C2_Init) refers to stm32f4xx_ll_i2c.o(i.LL_I2C_Init) for LL_I2C_Init
    init.o(i.MX_TIM3_Init) refers to memseta.o(.text) for __aeabi_memclr4
    init.o(i.MX_TIM3_Init) refers to init.o(i.LL_APB1_GRP1_EnableClock) for LL_APB1_GRP1_EnableClock
    init.o(i.MX_TIM3_Init) refers to init.o(i.LL_AHB1_GRP1_EnableClock) for LL_AHB1_GRP1_EnableClock
    init.o(i.MX_TIM3_Init) refers to stm32f4xx_ll_gpio.o(i.LL_GPIO_Init) for LL_GPIO_Init
    init.o(i.MX_TIM3_Init) refers to init.o(i.LL_TIM_IC_SetActiveInput) for LL_TIM_IC_SetActiveInput
    init.o(i.MX_TIM3_Init) refers to init.o(i.LL_TIM_IC_SetPrescaler) for LL_TIM_IC_SetPrescaler
    init.o(i.MX_TIM3_Init) refers to init.o(i.LL_TIM_IC_SetFilter) for LL_TIM_IC_SetFilter
    init.o(i.MX_TIM3_Init) refers to init.o(i.LL_TIM_IC_SetPolarity) for LL_TIM_IC_SetPolarity
    init.o(i.MX_TIM3_Init) refers to stm32f4xx_ll_tim.o(i.LL_TIM_Init) for LL_TIM_Init
    init.o(i.MX_TIM4_Init) refers to memseta.o(.text) for __aeabi_memclr4
    init.o(i.MX_TIM4_Init) refers to init.o(i.LL_APB1_GRP1_EnableClock) for LL_APB1_GRP1_EnableClock
    init.o(i.MX_TIM4_Init) refers to stm32f4xx_ll_tim.o(i.LL_TIM_Init) for LL_TIM_Init
    init.o(i.MX_TIM4_Init) refers to init.o(i.LL_TIM_OC_EnablePreload) for LL_TIM_OC_EnablePreload
    init.o(i.MX_TIM4_Init) refers to stm32f4xx_ll_tim.o(i.LL_TIM_OC_Init) for LL_TIM_OC_Init
    init.o(i.MX_TIM4_Init) refers to init.o(i.LL_TIM_OC_DisableFast) for LL_TIM_OC_DisableFast
    init.o(i.MX_TIM4_Init) refers to init.o(i.LL_AHB1_GRP1_EnableClock) for LL_AHB1_GRP1_EnableClock
    init.o(i.MX_TIM4_Init) refers to stm32f4xx_ll_gpio.o(i.LL_GPIO_Init) for LL_GPIO_Init
    init.o(i.MX_TIM4_Init) refers to init.o(.constdata) for .constdata
    init.o(i.MX_TIM8_Init) refers to memseta.o(.text) for __aeabi_memclr4
    init.o(i.MX_TIM8_Init) refers to init.o(i.LL_APB2_GRP1_EnableClock) for LL_APB2_GRP1_EnableClock
    init.o(i.MX_TIM8_Init) refers to stm32f4xx_ll_tim.o(i.LL_TIM_Init) for LL_TIM_Init
    init.o(i.MX_TIM8_Init) refers to init.o(i.LL_TIM_OC_EnablePreload) for LL_TIM_OC_EnablePreload
    init.o(i.MX_TIM8_Init) refers to stm32f4xx_ll_tim.o(i.LL_TIM_OC_Init) for LL_TIM_OC_Init
    init.o(i.MX_TIM8_Init) refers to init.o(i.LL_TIM_OC_DisableFast) for LL_TIM_OC_DisableFast
    init.o(i.MX_TIM8_Init) refers to stm32f4xx_ll_tim.o(i.LL_TIM_BDTR_Init) for LL_TIM_BDTR_Init
    init.o(i.MX_TIM8_Init) refers to init.o(i.LL_AHB1_GRP1_EnableClock) for LL_AHB1_GRP1_EnableClock
    init.o(i.MX_TIM8_Init) refers to stm32f4xx_ll_gpio.o(i.LL_GPIO_Init) for LL_GPIO_Init
    init.o(i.MX_TIM9_Init) refers to memseta.o(.text) for __aeabi_memclr4
    init.o(i.MX_TIM9_Init) refers to init.o(i.LL_APB2_GRP1_EnableClock) for LL_APB2_GRP1_EnableClock
    init.o(i.MX_TIM9_Init) refers to init.o(i.__NVIC_GetPriorityGrouping) for __NVIC_GetPriorityGrouping
    init.o(i.MX_TIM9_Init) refers to init.o(i.NVIC_EncodePriority) for NVIC_EncodePriority
    init.o(i.MX_TIM9_Init) refers to init.o(i.__NVIC_SetPriority) for __NVIC_SetPriority
    init.o(i.MX_TIM9_Init) refers to init.o(i.__NVIC_EnableIRQ) for __NVIC_EnableIRQ
    init.o(i.MX_TIM9_Init) refers to stm32f4xx_ll_tim.o(i.LL_TIM_Init) for LL_TIM_Init
    init.o(i.MX_USART1_UART_Init) refers to memseta.o(.text) for __aeabi_memclr4
    init.o(i.MX_USART1_UART_Init) refers to init.o(i.LL_APB2_GRP1_EnableClock) for LL_APB2_GRP1_EnableClock
    init.o(i.MX_USART1_UART_Init) refers to init.o(i.LL_AHB1_GRP1_EnableClock) for LL_AHB1_GRP1_EnableClock
    init.o(i.MX_USART1_UART_Init) refers to stm32f4xx_ll_gpio.o(i.LL_GPIO_Init) for LL_GPIO_Init
    init.o(i.MX_USART1_UART_Init) refers to init.o(i.__NVIC_GetPriorityGrouping) for __NVIC_GetPriorityGrouping
    init.o(i.MX_USART1_UART_Init) refers to init.o(i.NVIC_EncodePriority) for NVIC_EncodePriority
    init.o(i.MX_USART1_UART_Init) refers to init.o(i.__NVIC_SetPriority) for __NVIC_SetPriority
    init.o(i.MX_USART1_UART_Init) refers to init.o(i.__NVIC_EnableIRQ) for __NVIC_EnableIRQ
    init.o(i.MX_USART1_UART_Init) refers to stm32f4xx_ll_usart.o(i.LL_USART_Init) for LL_USART_Init
    init.o(i.MX_USART3_UART_Init) refers to memseta.o(.text) for __aeabi_memclr4
    init.o(i.MX_USART3_UART_Init) refers to init.o(i.LL_APB1_GRP1_EnableClock) for LL_APB1_GRP1_EnableClock
    init.o(i.MX_USART3_UART_Init) refers to init.o(i.LL_AHB1_GRP1_EnableClock) for LL_AHB1_GRP1_EnableClock
    init.o(i.MX_USART3_UART_Init) refers to stm32f4xx_ll_gpio.o(i.LL_GPIO_Init) for LL_GPIO_Init
    init.o(i.MX_USART3_UART_Init) refers to init.o(i.__NVIC_GetPriorityGrouping) for __NVIC_GetPriorityGrouping
    init.o(i.MX_USART3_UART_Init) refers to init.o(i.NVIC_EncodePriority) for NVIC_EncodePriority
    init.o(i.MX_USART3_UART_Init) refers to init.o(i.__NVIC_SetPriority) for __NVIC_SetPriority
    init.o(i.MX_USART3_UART_Init) refers to init.o(i.__NVIC_EnableIRQ) for __NVIC_EnableIRQ
    init.o(i.MX_USART3_UART_Init) refers to stm32f4xx_ll_usart.o(i.LL_USART_Init) for LL_USART_Init
    init.o(i.MX_USART6_UART_Init) refers to memseta.o(.text) for __aeabi_memclr4
    init.o(i.MX_USART6_UART_Init) refers to init.o(i.LL_APB2_GRP1_EnableClock) for LL_APB2_GRP1_EnableClock
    init.o(i.MX_USART6_UART_Init) refers to init.o(i.LL_AHB1_GRP1_EnableClock) for LL_AHB1_GRP1_EnableClock
    init.o(i.MX_USART6_UART_Init) refers to stm32f4xx_ll_gpio.o(i.LL_GPIO_Init) for LL_GPIO_Init
    init.o(i.MX_USART6_UART_Init) refers to init.o(i.__NVIC_GetPriorityGrouping) for __NVIC_GetPriorityGrouping
    init.o(i.MX_USART6_UART_Init) refers to init.o(i.NVIC_EncodePriority) for NVIC_EncodePriority
    init.o(i.MX_USART6_UART_Init) refers to init.o(i.__NVIC_SetPriority) for __NVIC_SetPriority
    init.o(i.MX_USART6_UART_Init) refers to init.o(i.__NVIC_EnableIRQ) for __NVIC_EnableIRQ
    init.o(i.MX_USART6_UART_Init) refers to stm32f4xx_ll_usart.o(i.LL_USART_Init) for LL_USART_Init
    init.o(i.SystemClock_Config) refers to stm32f4xx_ll_utils.o(i.LL_Init1msTick) for LL_Init1msTick
    init.o(i.SystemClock_Config) refers to stm32f4xx_ll_utils.o(i.LL_SetSystemCoreClock) for LL_SetSystemCoreClock
    ws2812b_control.o(i.DMA1_Stream0_IRQHandler) refers to ws2812b_control.o(i.led_update_sequence) for led_update_sequence
    ws2812b_control.o(i.LL_DMA_DisableStream) refers to ws2812b_control.o(.constdata) for .constdata
    ws2812b_control.o(i.LL_DMA_EnableStream) refers to ws2812b_control.o(.constdata) for .constdata
    ws2812b_control.o(i.LL_DMA_SetDataLength) refers to ws2812b_control.o(.constdata) for .constdata
    ws2812b_control.o(i.LL_DMA_SetMode) refers to ws2812b_control.o(.constdata) for .constdata
    ws2812b_control.o(i.led_fill_led_pwm_data) refers to ws2812b_control.o(.bss) for .bss
    ws2812b_control.o(i.led_is_update_finished) refers to ws2812b_control.o(.data) for .data
    ws2812b_control.o(i.led_set_color) refers to ws2812b_control.o(.bss) for .bss
    ws2812b_control.o(i.led_set_color_all) refers to ws2812b_control.o(.bss) for .bss
    ws2812b_control.o(i.led_start_reset_pulse) refers to memseta.o(.text) for __aeabi_memclr4
    ws2812b_control.o(i.led_start_reset_pulse) refers to ws2812b_control.o(i.LL_DMA_SetMode) for LL_DMA_SetMode
    ws2812b_control.o(i.led_start_reset_pulse) refers to ws2812b_control.o(i.LL_DMA_SetDataLength) for LL_DMA_SetDataLength
    ws2812b_control.o(i.led_start_reset_pulse) refers to ws2812b_control.o(i.LL_DMA_EnableStream) for LL_DMA_EnableStream
    ws2812b_control.o(i.led_start_reset_pulse) refers to ws2812b_control.o(.data) for .data
    ws2812b_control.o(i.led_start_reset_pulse) refers to ws2812b_control.o(.bss) for .bss
    ws2812b_control.o(i.led_start_reset_pulse) refers to ws2812b_control.o(.constdata) for .constdata
    ws2812b_control.o(i.led_update) refers to ws2812b_control.o(i.led_start_reset_pulse) for led_start_reset_pulse
    ws2812b_control.o(i.led_update) refers to ws2812b_control.o(i.led_is_update_finished) for led_is_update_finished
    ws2812b_control.o(i.led_update) refers to ws2812b_control.o(.data) for .data
    ws2812b_control.o(i.led_update_sequence) refers to ws2812b_control.o(i.led_fill_led_pwm_data) for led_fill_led_pwm_data
    ws2812b_control.o(i.led_update_sequence) refers to ws2812b_control.o(i.LL_DMA_SetMode) for LL_DMA_SetMode
    ws2812b_control.o(i.led_update_sequence) refers to ws2812b_control.o(i.LL_DMA_SetDataLength) for LL_DMA_SetDataLength
    ws2812b_control.o(i.led_update_sequence) refers to ws2812b_control.o(i.LL_DMA_EnableStream) for LL_DMA_EnableStream
    ws2812b_control.o(i.led_update_sequence) refers to ws2812b_control.o(i.LL_DMA_DisableStream) for LL_DMA_DisableStream
    ws2812b_control.o(i.led_update_sequence) refers to ws2812b_control.o(i.led_start_reset_pulse) for led_start_reset_pulse
    ws2812b_control.o(i.led_update_sequence) refers to ws2812b_control.o(.data) for .data
    ws2812b_control.o(i.led_update_sequence) refers to ws2812b_control.o(.bss) for .bss
    ws2812b_control.o(i.led_update_sequence) refers to ws2812b_control.o(.constdata) for .constdata
    functions.o(i.clearLED) refers to functions.o(.bss) for .bss
    functions.o(i.delay) refers to stm32f4xx_it.o(.data) for timeDelay
    functions.o(i.loadDataToLED) refers to ws2812b_control.o(i.led_set_color) for led_set_color
    functions.o(i.loadDataToLED) refers to functions.o(.bss) for .bss
    functions.o(i.testFunction) refers to functions.o(i.clearLED) for clearLED
    functions.o(i.testFunction) refers to functions.o(.bss) for .bss
    characters.o(i.getChar) refers to malloc.o(i.malloc) for malloc
    characters.o(i.getChar) refers to memseta.o(.text) for __aeabi_memclr4
    stm32f4xx_ll_gpio.o(i.LL_GPIO_DeInit) refers to stm32f4xx_ll_gpio.o(i.LL_AHB1_GRP1_ForceReset) for LL_AHB1_GRP1_ForceReset
    stm32f4xx_ll_gpio.o(i.LL_GPIO_DeInit) refers to stm32f4xx_ll_gpio.o(i.LL_AHB1_GRP1_ReleaseReset) for LL_AHB1_GRP1_ReleaseReset
    stm32f4xx_ll_dma.o(i.LL_DMA_DeInit) refers to stm32f4xx_ll_dma.o(i.LL_DMA_SetChannelSelection) for LL_DMA_SetChannelSelection
    stm32f4xx_ll_dma.o(i.LL_DMA_DeInit) refers to stm32f4xx_ll_dma.o(.constdata) for .constdata
    stm32f4xx_ll_dma.o(i.LL_DMA_Init) refers to stm32f4xx_ll_dma.o(i.LL_DMA_SetChannelSelection) for LL_DMA_SetChannelSelection
    stm32f4xx_ll_dma.o(i.LL_DMA_Init) refers to stm32f4xx_ll_dma.o(.constdata) for .constdata
    stm32f4xx_ll_dma.o(i.LL_DMA_SetChannelSelection) refers to stm32f4xx_ll_dma.o(.constdata) for .constdata
    stm32f4xx_ll_i2c.o(i.LL_I2C_Init) refers to stm32f4xx_ll_rcc.o(i.LL_RCC_GetSystemClocksFreq) for LL_RCC_GetSystemClocksFreq
    stm32f4xx_ll_i2c.o(i.LL_I2C_Init) refers to stm32f4xx_ll_i2c.o(i.LL_I2C_ConfigSpeed) for LL_I2C_ConfigSpeed
    stm32f4xx_ll_tim.o(i.LL_TIM_DeInit) refers to stm32f4xx_ll_tim.o(i.LL_APB2_GRP1_ForceReset) for LL_APB2_GRP1_ForceReset
    stm32f4xx_ll_tim.o(i.LL_TIM_DeInit) refers to stm32f4xx_ll_tim.o(i.LL_APB1_GRP1_ForceReset) for LL_APB1_GRP1_ForceReset
    stm32f4xx_ll_tim.o(i.LL_TIM_DeInit) refers to stm32f4xx_ll_tim.o(i.LL_APB2_GRP1_ReleaseReset) for LL_APB2_GRP1_ReleaseReset
    stm32f4xx_ll_tim.o(i.LL_TIM_DeInit) refers to stm32f4xx_ll_tim.o(i.LL_APB1_GRP1_ReleaseReset) for LL_APB1_GRP1_ReleaseReset
    stm32f4xx_ll_usart.o(i.LL_USART_DeInit) refers to stm32f4xx_ll_usart.o(i.LL_APB1_GRP1_ForceReset) for LL_APB1_GRP1_ForceReset
    stm32f4xx_ll_usart.o(i.LL_USART_DeInit) refers to stm32f4xx_ll_usart.o(i.LL_APB1_GRP1_ReleaseReset) for LL_APB1_GRP1_ReleaseReset
    stm32f4xx_ll_usart.o(i.LL_USART_Init) refers to stm32f4xx_ll_rcc.o(i.LL_RCC_GetSystemClocksFreq) for LL_RCC_GetSystemClocksFreq
    stm32f4xx_ll_usart.o(i.LL_USART_Init) refers to stm32f4xx_ll_usart.o(i.LL_USART_SetBaudRate) for LL_USART_SetBaudRate
    stm32f4xx_ll_usart.o(i.LL_USART_SetBaudRate) refers to uldiv.o(.text) for __aeabi_uldivmod
    stm32f4xx_ll_rcc.o(i.LL_RCC_DeInit) refers to stm32f4xx_ll_rcc.o(i.LL_RCC_PLL_IsReady) for LL_RCC_PLL_IsReady
    stm32f4xx_ll_rcc.o(i.LL_RCC_GetI2SClockFreq) refers to stm32f4xx_ll_rcc.o(i.RCC_PLLI2S_GetFreqDomain_I2S) for RCC_PLLI2S_GetFreqDomain_I2S
    stm32f4xx_ll_rcc.o(i.LL_RCC_GetRNGClockFreq) refers to stm32f4xx_ll_rcc.o(i.LL_RCC_PLL_IsReady) for LL_RCC_PLL_IsReady
    stm32f4xx_ll_rcc.o(i.LL_RCC_GetRNGClockFreq) refers to stm32f4xx_ll_rcc.o(i.RCC_PLL_GetFreqDomain_48M) for RCC_PLL_GetFreqDomain_48M
    stm32f4xx_ll_rcc.o(i.LL_RCC_GetSDIOClockFreq) refers to stm32f4xx_ll_rcc.o(i.LL_RCC_PLL_IsReady) for LL_RCC_PLL_IsReady
    stm32f4xx_ll_rcc.o(i.LL_RCC_GetSDIOClockFreq) refers to stm32f4xx_ll_rcc.o(i.RCC_PLL_GetFreqDomain_48M) for RCC_PLL_GetFreqDomain_48M
    stm32f4xx_ll_rcc.o(i.LL_RCC_GetSystemClocksFreq) refers to stm32f4xx_ll_rcc.o(i.RCC_GetSystemClockFreq) for RCC_GetSystemClockFreq
    stm32f4xx_ll_rcc.o(i.LL_RCC_GetSystemClocksFreq) refers to stm32f4xx_ll_rcc.o(i.RCC_GetHCLKClockFreq) for RCC_GetHCLKClockFreq
    stm32f4xx_ll_rcc.o(i.LL_RCC_GetSystemClocksFreq) refers to stm32f4xx_ll_rcc.o(i.RCC_GetPCLK1ClockFreq) for RCC_GetPCLK1ClockFreq
    stm32f4xx_ll_rcc.o(i.LL_RCC_GetSystemClocksFreq) refers to stm32f4xx_ll_rcc.o(i.RCC_GetPCLK2ClockFreq) for RCC_GetPCLK2ClockFreq
    stm32f4xx_ll_rcc.o(i.LL_RCC_GetUSBClockFreq) refers to stm32f4xx_ll_rcc.o(i.LL_RCC_PLL_IsReady) for LL_RCC_PLL_IsReady
    stm32f4xx_ll_rcc.o(i.LL_RCC_GetUSBClockFreq) refers to stm32f4xx_ll_rcc.o(i.RCC_PLL_GetFreqDomain_48M) for RCC_PLL_GetFreqDomain_48M
    stm32f4xx_ll_rcc.o(i.RCC_GetHCLKClockFreq) refers to system_stm32f4xx.o(.constdata) for AHBPrescTable
    stm32f4xx_ll_rcc.o(i.RCC_GetPCLK1ClockFreq) refers to system_stm32f4xx.o(.constdata) for APBPrescTable
    stm32f4xx_ll_rcc.o(i.RCC_GetPCLK2ClockFreq) refers to system_stm32f4xx.o(.constdata) for APBPrescTable
    stm32f4xx_ll_rcc.o(i.RCC_GetSystemClockFreq) refers to stm32f4xx_ll_rcc.o(i.RCC_PLL_GetFreqDomain_SYS) for RCC_PLL_GetFreqDomain_SYS
    stm32f4xx_ll_utils.o(i.LL_PLL_ConfigSystemClock_HSE) refers to stm32f4xx_ll_utils.o(i.UTILS_PLL_IsBusy) for UTILS_PLL_IsBusy
    stm32f4xx_ll_utils.o(i.LL_PLL_ConfigSystemClock_HSE) refers to stm32f4xx_ll_utils.o(i.UTILS_GetPLLOutputFrequency) for UTILS_GetPLLOutputFrequency
    stm32f4xx_ll_utils.o(i.LL_PLL_ConfigSystemClock_HSE) refers to stm32f4xx_ll_utils.o(i.LL_RCC_PLL_ConfigDomain_SYS) for LL_RCC_PLL_ConfigDomain_SYS
    stm32f4xx_ll_utils.o(i.LL_PLL_ConfigSystemClock_HSE) refers to stm32f4xx_ll_utils.o(i.UTILS_EnablePLLAndSwitchSystem) for UTILS_EnablePLLAndSwitchSystem
    stm32f4xx_ll_utils.o(i.LL_PLL_ConfigSystemClock_HSI) refers to stm32f4xx_ll_utils.o(i.UTILS_PLL_IsBusy) for UTILS_PLL_IsBusy
    stm32f4xx_ll_utils.o(i.LL_PLL_ConfigSystemClock_HSI) refers to stm32f4xx_ll_utils.o(i.UTILS_GetPLLOutputFrequency) for UTILS_GetPLLOutputFrequency
    stm32f4xx_ll_utils.o(i.LL_PLL_ConfigSystemClock_HSI) refers to stm32f4xx_ll_utils.o(i.LL_RCC_PLL_ConfigDomain_SYS) for LL_RCC_PLL_ConfigDomain_SYS
    stm32f4xx_ll_utils.o(i.LL_PLL_ConfigSystemClock_HSI) refers to stm32f4xx_ll_utils.o(i.UTILS_EnablePLLAndSwitchSystem) for UTILS_EnablePLLAndSwitchSystem
    stm32f4xx_ll_utils.o(i.LL_SetSystemCoreClock) refers to system_stm32f4xx.o(.data) for SystemCoreClock
    stm32f4xx_ll_utils.o(i.UTILS_EnablePLLAndSwitchSystem) refers to stm32f4xx_ll_utils.o(i.UTILS_SetFlashLatency) for UTILS_SetFlashLatency
    stm32f4xx_ll_utils.o(i.UTILS_EnablePLLAndSwitchSystem) refers to system_stm32f4xx.o(.constdata) for AHBPrescTable
    stm32f4xx_ll_utils.o(i.UTILS_EnablePLLAndSwitchSystem) refers to system_stm32f4xx.o(.data) for SystemCoreClock
    system_stm32f4xx.o(i.SystemCoreClockUpdate) refers to system_stm32f4xx.o(.data) for .data
    system_stm32f4xx.o(i.SystemCoreClockUpdate) refers to system_stm32f4xx.o(.constdata) for .constdata
    entry.o(.ARM.Collect$$$$00000000) refers (Special) to entry10a.o(.ARM.Collect$$$$0000000D) for __rt_final_cpp
    entry.o(.ARM.Collect$$$$00000000) refers (Special) to entry11a.o(.ARM.Collect$$$$0000000F) for __rt_final_exit
    entry.o(.ARM.Collect$$$$00000000) refers (Special) to entry7b.o(.ARM.Collect$$$$00000008) for _main_clock
    entry.o(.ARM.Collect$$$$00000000) refers (Special) to entry8b.o(.ARM.Collect$$$$0000000A) for _main_cpp_init
    entry.o(.ARM.Collect$$$$00000000) refers (Special) to entry9a.o(.ARM.Collect$$$$0000000B) for _main_init
    entry.o(.ARM.Collect$$$$00000000) refers (Special) to entry5.o(.ARM.Collect$$$$00000004) for _main_scatterload
    entry.o(.ARM.Collect$$$$00000000) refers (Special) to entry2.o(.ARM.Collect$$$$00000001) for _main_stk
    uldiv.o(.text) refers to llushr.o(.text) for __aeabi_llsr
    uldiv.o(.text) refers to llshl.o(.text) for __aeabi_llsl
    malloc.o(i.free) refers to mvars.o(.data) for __microlib_freelist
    malloc.o(i.malloc) refers to mvars.o(.data) for __microlib_freelist_initialised
    malloc.o(i.malloc) refers to mvars.o(.data) for __microlib_freelist
    malloc.o(i.malloc) refers to startup_stm32f407xx.o(HEAP) for __heap_base
    mallocr.o(i.__free$realloc) refers to mvars.o(.data) for __microlib_freelist
    mallocr.o(i.__malloc$realloc) refers to mallocr.o(i.internal_alloc) for internal_alloc
    mallocr.o(i.__malloc$realloc) refers to mvars.o(.data) for __microlib_freelist_initialised
    mallocr.o(i.__malloc$realloc) refers to startup_stm32f407xx.o(HEAP) for __heap_base
    mallocr.o(i.__malloc$realloc) refers to mvars.o(.data) for __microlib_freelist
    mallocr.o(i.internal_alloc) refers to memcpya.o(.text) for __aeabi_memcpy
    mallocr.o(i.internal_alloc) refers to mvars.o(.data) for __microlib_freelist
    mallocr.o(i.realloc) refers to mallocr.o(i.__free$realloc) for __free$realloc
    mallocr.o(i.realloc) refers to mallocr.o(i.internal_alloc) for internal_alloc
    mallocr.o(i.realloc) refers to mallocr.o(i.__malloc$realloc) for __malloc$realloc
    mallocr.o(i.realloc) refers to mvars.o(.data) for __microlib_freelist
    malloca.o(i.__aligned_malloc) refers to mvars.o(.data) for __microlib_freelist_initialised
    malloca.o(i.__aligned_malloc) refers to mvars.o(.data) for __microlib_freelist
    malloca.o(i.__aligned_malloc) refers to startup_stm32f407xx.o(HEAP) for __heap_base
    malloca.o(i.__free$memalign) refers to mvars.o(.data) for __microlib_freelist
    malloca.o(i.__malloc$memalign) refers to malloca.o(i.__aligned_malloc) for __aligned_malloc
    mallocra.o(i.__aligned_malloc$realloc) refers to mallocra.o(i.internal_alloc) for internal_alloc
    mallocra.o(i.__aligned_malloc$realloc) refers to mvars.o(.data) for __microlib_freelist_initialised
    mallocra.o(i.__aligned_malloc$realloc) refers to startup_stm32f407xx.o(HEAP) for __heap_base
    mallocra.o(i.__aligned_malloc$realloc) refers to mvars.o(.data) for __microlib_freelist
    mallocra.o(i.__free$realloc$memalign) refers to mvars.o(.data) for __microlib_freelist
    mallocra.o(i.__malloc$realloc$memalign) refers to mallocra.o(i.__aligned_malloc$realloc) for __aligned_malloc$realloc
    mallocra.o(i.__realloc$memalign) refers to mallocra.o(i.__free$realloc$memalign) for __free$realloc$memalign
    mallocra.o(i.__realloc$memalign) refers to mallocra.o(i.internal_alloc) for internal_alloc
    mallocra.o(i.__realloc$memalign) refers to mallocra.o(i.__malloc$realloc$memalign) for __malloc$realloc$memalign
    mallocra.o(i.__realloc$memalign) refers to mvars.o(.data) for __microlib_freelist
    mallocra.o(i.internal_alloc) refers to memcpya.o(.text) for __aeabi_memcpy
    mallocra.o(i.internal_alloc) refers to mvars.o(.data) for __microlib_freelist
    entry2.o(.ARM.Collect$$$$00000001) refers to entry2.o(.ARM.Collect$$$$00002712) for __lit__00000000
    entry2.o(.ARM.Collect$$$$00002712) refers to startup_stm32f407xx.o(STACK) for __initial_sp
    entry2.o(__vectab_stack_and_reset_area) refers to startup_stm32f407xx.o(STACK) for __initial_sp
    entry2.o(__vectab_stack_and_reset_area) refers to entry.o(.ARM.Collect$$$$00000000) for __main
    entry5.o(.ARM.Collect$$$$00000004) refers to init.o(.text) for __scatterload
    entry9a.o(.ARM.Collect$$$$0000000B) refers to main.o(i.main) for main
    entry9b.o(.ARM.Collect$$$$0000000C) refers to main.o(i.main) for main
    init.o(.text) refers to entry5.o(.ARM.Collect$$$$00000004) for __main_after_scatterload


==============================================================================

Removing Unused input sections from the image.

    Removing startup_stm32f407xx.o(HEAP), (512 bytes).
    Removing main.o(.rev16_text), (4 bytes).
    Removing main.o(.revsh_text), (4 bytes).
    Removing main.o(.rrx_text), (6 bytes).
    Removing stm32f4xx_it.o(.rev16_text), (4 bytes).
    Removing stm32f4xx_it.o(.revsh_text), (4 bytes).
    Removing stm32f4xx_it.o(.rrx_text), (6 bytes).
    Removing stm32f4xx_it.o(.data), (4 bytes).
    Removing stm32f4xx_it.o(.data), (1 bytes).
    Removing init.o(.rev16_text), (4 bytes).
    Removing init.o(.revsh_text), (4 bytes).
    Removing init.o(.rrx_text), (6 bytes).
    Removing init.o(i.Error_Handler), (2 bytes).
    Removing init.o(i.LL_TIM_IC_SetActiveInput), (92 bytes).
    Removing init.o(i.LL_TIM_IC_SetFilter), (92 bytes).
    Removing init.o(i.LL_TIM_IC_SetPolarity), (80 bytes).
    Removing init.o(i.LL_TIM_IC_SetPrescaler), (92 bytes).
    Removing init.o(i.MX_I2C2_Init), (144 bytes).
    Removing init.o(i.MX_TIM3_Init), (212 bytes).
    Removing init.o(i.MX_TIM8_Init), (216 bytes).
    Removing init.o(i.MX_USART1_UART_Init), (160 bytes).
    Removing init.o(i.MX_USART3_UART_Init), (160 bytes).
    Removing init.o(i.MX_USART6_UART_Init), (156 bytes).
    Removing ws2812b_control.o(.rev16_text), (4 bytes).
    Removing ws2812b_control.o(.revsh_text), (4 bytes).
    Removing ws2812b_control.o(.rrx_text), (6 bytes).
    Removing functions.o(.rev16_text), (4 bytes).
    Removing functions.o(.revsh_text), (4 bytes).
    Removing functions.o(.rrx_text), (6 bytes).
    Removing functions.o(i.delay), (16 bytes).
    Removing characters.o(.rev16_text), (4 bytes).
    Removing characters.o(.revsh_text), (4 bytes).
    Removing characters.o(.rrx_text), (6 bytes).
    Removing characters.o(i.getChar), (3896 bytes).
    Removing stm32f4xx_ll_gpio.o(.rev16_text), (4 bytes).
    Removing stm32f4xx_ll_gpio.o(.revsh_text), (4 bytes).
    Removing stm32f4xx_ll_gpio.o(.rrx_text), (6 bytes).
    Removing stm32f4xx_ll_gpio.o(i.LL_AHB1_GRP1_ForceReset), (16 bytes).
    Removing stm32f4xx_ll_gpio.o(i.LL_AHB1_GRP1_ReleaseReset), (16 bytes).
    Removing stm32f4xx_ll_gpio.o(i.LL_GPIO_DeInit), (196 bytes).
    Removing stm32f4xx_ll_gpio.o(i.LL_GPIO_StructInit), (22 bytes).
    Removing stm32f4xx_ll_dma.o(.rev16_text), (4 bytes).
    Removing stm32f4xx_ll_dma.o(.revsh_text), (4 bytes).
    Removing stm32f4xx_ll_dma.o(.rrx_text), (6 bytes).
    Removing stm32f4xx_ll_dma.o(i.LL_DMA_DeInit), (368 bytes).
    Removing stm32f4xx_ll_dma.o(i.LL_DMA_Init), (156 bytes).
    Removing stm32f4xx_ll_dma.o(i.LL_DMA_SetChannelSelection), (20 bytes).
    Removing stm32f4xx_ll_dma.o(i.LL_DMA_StructInit), (34 bytes).
    Removing stm32f4xx_ll_dma.o(.constdata), (8 bytes).
    Removing stm32f4xx_ll_i2c.o(.rev16_text), (4 bytes).
    Removing stm32f4xx_ll_i2c.o(.revsh_text), (4 bytes).
    Removing stm32f4xx_ll_i2c.o(.rrx_text), (6 bytes).
    Removing stm32f4xx_ll_i2c.o(i.LL_I2C_ConfigSpeed), (144 bytes).
    Removing stm32f4xx_ll_i2c.o(i.LL_I2C_DeInit), (96 bytes).
    Removing stm32f4xx_ll_i2c.o(i.LL_I2C_Init), (88 bytes).
    Removing stm32f4xx_ll_i2c.o(i.LL_I2C_StructInit), (24 bytes).
    Removing stm32f4xx_ll_tim.o(.rev16_text), (4 bytes).
    Removing stm32f4xx_ll_tim.o(.revsh_text), (4 bytes).
    Removing stm32f4xx_ll_tim.o(.rrx_text), (6 bytes).
    Removing stm32f4xx_ll_tim.o(i.LL_APB1_GRP1_ForceReset), (16 bytes).
    Removing stm32f4xx_ll_tim.o(i.LL_APB1_GRP1_ReleaseReset), (16 bytes).
    Removing stm32f4xx_ll_tim.o(i.LL_APB2_GRP1_ForceReset), (16 bytes).
    Removing stm32f4xx_ll_tim.o(i.LL_APB2_GRP1_ReleaseReset), (16 bytes).
    Removing stm32f4xx_ll_tim.o(i.LL_TIM_BDTR_Init), (58 bytes).
    Removing stm32f4xx_ll_tim.o(i.LL_TIM_BDTR_StructInit), (18 bytes).
    Removing stm32f4xx_ll_tim.o(i.LL_TIM_DeInit), (292 bytes).
    Removing stm32f4xx_ll_tim.o(i.LL_TIM_ENCODER_Init), (96 bytes).
    Removing stm32f4xx_ll_tim.o(i.LL_TIM_ENCODER_StructInit), (28 bytes).
    Removing stm32f4xx_ll_tim.o(i.LL_TIM_HALLSENSOR_Init), (86 bytes).
    Removing stm32f4xx_ll_tim.o(i.LL_TIM_HALLSENSOR_StructInit), (12 bytes).
    Removing stm32f4xx_ll_tim.o(i.LL_TIM_IC_Init), (224 bytes).
    Removing stm32f4xx_ll_tim.o(i.LL_TIM_IC_StructInit), (16 bytes).
    Removing stm32f4xx_ll_tim.o(i.LL_TIM_OC_StructInit), (20 bytes).
    Removing stm32f4xx_ll_tim.o(i.LL_TIM_StructInit), (16 bytes).
    Removing stm32f4xx_ll_usart.o(.rev16_text), (4 bytes).
    Removing stm32f4xx_ll_usart.o(.revsh_text), (4 bytes).
    Removing stm32f4xx_ll_usart.o(.rrx_text), (6 bytes).
    Removing stm32f4xx_ll_usart.o(i.LL_APB1_GRP1_ForceReset), (16 bytes).
    Removing stm32f4xx_ll_usart.o(i.LL_APB1_GRP1_ReleaseReset), (16 bytes).
    Removing stm32f4xx_ll_usart.o(i.LL_USART_ClockInit), (56 bytes).
    Removing stm32f4xx_ll_usart.o(i.LL_USART_ClockStructInit), (12 bytes).
    Removing stm32f4xx_ll_usart.o(i.LL_USART_DeInit), (148 bytes).
    Removing stm32f4xx_ll_usart.o(i.LL_USART_Init), (160 bytes).
    Removing stm32f4xx_ll_usart.o(i.LL_USART_SetBaudRate), (176 bytes).
    Removing stm32f4xx_ll_usart.o(i.LL_USART_StructInit), (24 bytes).
    Removing stm32f4xx_ll_rcc.o(.rev16_text), (4 bytes).
    Removing stm32f4xx_ll_rcc.o(.revsh_text), (4 bytes).
    Removing stm32f4xx_ll_rcc.o(.rrx_text), (6 bytes).
    Removing stm32f4xx_ll_rcc.o(i.LL_RCC_DeInit), (156 bytes).
    Removing stm32f4xx_ll_rcc.o(i.LL_RCC_GetI2SClockFreq), (52 bytes).
    Removing stm32f4xx_ll_rcc.o(i.LL_RCC_GetRNGClockFreq), (20 bytes).
    Removing stm32f4xx_ll_rcc.o(i.LL_RCC_GetSDIOClockFreq), (26 bytes).
    Removing stm32f4xx_ll_rcc.o(i.LL_RCC_GetSystemClocksFreq), (32 bytes).
    Removing stm32f4xx_ll_rcc.o(i.LL_RCC_GetUSBClockFreq), (20 bytes).
    Removing stm32f4xx_ll_rcc.o(i.LL_RCC_PLL_IsReady), (16 bytes).
    Removing stm32f4xx_ll_rcc.o(i.RCC_GetHCLKClockFreq), (28 bytes).
    Removing stm32f4xx_ll_rcc.o(i.RCC_GetPCLK1ClockFreq), (28 bytes).
    Removing stm32f4xx_ll_rcc.o(i.RCC_GetPCLK2ClockFreq), (28 bytes).
    Removing stm32f4xx_ll_rcc.o(i.RCC_GetSystemClockFreq), (44 bytes).
    Removing stm32f4xx_ll_rcc.o(i.RCC_PLLI2S_GetFreqDomain_I2S), (68 bytes).
    Removing stm32f4xx_ll_rcc.o(i.RCC_PLL_GetFreqDomain_48M), (64 bytes).
    Removing stm32f4xx_ll_rcc.o(i.RCC_PLL_GetFreqDomain_SYS), (80 bytes).
    Removing stm32f4xx_ll_utils.o(.rev16_text), (4 bytes).
    Removing stm32f4xx_ll_utils.o(.revsh_text), (4 bytes).
    Removing stm32f4xx_ll_utils.o(.rrx_text), (6 bytes).
    Removing stm32f4xx_ll_utils.o(i.LL_PLL_ConfigSystemClock_HSE), (108 bytes).
    Removing stm32f4xx_ll_utils.o(i.LL_PLL_ConfigSystemClock_HSI), (84 bytes).
    Removing stm32f4xx_ll_utils.o(i.LL_RCC_PLL_ConfigDomain_SYS), (40 bytes).
    Removing stm32f4xx_ll_utils.o(i.LL_mDelay), (30 bytes).
    Removing stm32f4xx_ll_utils.o(i.UTILS_EnablePLLAndSwitchSystem), (152 bytes).
    Removing stm32f4xx_ll_utils.o(i.UTILS_GetPLLOutputFrequency), (32 bytes).
    Removing stm32f4xx_ll_utils.o(i.UTILS_PLL_IsBusy), (32 bytes).
    Removing stm32f4xx_ll_utils.o(i.UTILS_SetFlashLatency), (180 bytes).
    Removing stm32f4xx_ll_exti.o(.rev16_text), (4 bytes).
    Removing stm32f4xx_ll_exti.o(.revsh_text), (4 bytes).
    Removing stm32f4xx_ll_exti.o(.rrx_text), (6 bytes).
    Removing stm32f4xx_ll_exti.o(i.LL_EXTI_DeInit), (40 bytes).
    Removing stm32f4xx_ll_exti.o(i.LL_EXTI_StructInit), (14 bytes).
    Removing system_stm32f4xx.o(.rev16_text), (4 bytes).
    Removing system_stm32f4xx.o(.revsh_text), (4 bytes).
    Removing system_stm32f4xx.o(.rrx_text), (6 bytes).
    Removing system_stm32f4xx.o(i.SystemCoreClockUpdate), (124 bytes).
    Removing system_stm32f4xx.o(.constdata), (16 bytes).
    Removing system_stm32f4xx.o(.constdata), (8 bytes).

124 unused section(s) (total 10293 bytes) removed from the image.

==============================================================================

Image Symbol Table

    Local Symbols

    Symbol Name                              Value     Ov Type        Size  Object(Section)

    ../Drivers/STM32F4xx_HAL_Driver/Src/stm32f4xx_ll_dma.c 0x00000000   Number         0  stm32f4xx_ll_dma.o ABSOLUTE
    ../Drivers/STM32F4xx_HAL_Driver/Src/stm32f4xx_ll_exti.c 0x00000000   Number         0  stm32f4xx_ll_exti.o ABSOLUTE
    ../Drivers/STM32F4xx_HAL_Driver/Src/stm32f4xx_ll_gpio.c 0x00000000   Number         0  stm32f4xx_ll_gpio.o ABSOLUTE
    ../Drivers/STM32F4xx_HAL_Driver/Src/stm32f4xx_ll_i2c.c 0x00000000   Number         0  stm32f4xx_ll_i2c.o ABSOLUTE
    ../Drivers/STM32F4xx_HAL_Driver/Src/stm32f4xx_ll_rcc.c 0x00000000   Number         0  stm32f4xx_ll_rcc.o ABSOLUTE
    ../Drivers/STM32F4xx_HAL_Driver/Src/stm32f4xx_ll_tim.c 0x00000000   Number         0  stm32f4xx_ll_tim.o ABSOLUTE
    ../Drivers/STM32F4xx_HAL_Driver/Src/stm32f4xx_ll_usart.c 0x00000000   Number         0  stm32f4xx_ll_usart.o ABSOLUTE
    ../Drivers/STM32F4xx_HAL_Driver/Src/stm32f4xx_ll_utils.c 0x00000000   Number         0  stm32f4xx_ll_utils.o ABSOLUTE
    ../Src/main.c                            0x00000000   Number         0  main.o ABSOLUTE
    ../Src/stm32f4xx_it.c                    0x00000000   Number         0  stm32f4xx_it.o ABSOLUTE
    ../Src/system_stm32f4xx.c                0x00000000   Number         0  system_stm32f4xx.o ABSOLUTE
    ../clib/microlib/division.c              0x00000000   Number         0  uldiv.o ABSOLUTE
    ../clib/microlib/init/entry.s            0x00000000   Number         0  entry8a.o ABSOLUTE
    ../clib/microlib/init/entry.s            0x00000000   Number         0  entry7b.o ABSOLUTE
    ../clib/microlib/init/entry.s            0x00000000   Number         0  entry7a.o ABSOLUTE
    ../clib/microlib/init/entry.s            0x00000000   Number         0  entry11a.o ABSOLUTE
    ../clib/microlib/init/entry.s            0x00000000   Number         0  entry5.o ABSOLUTE
    ../clib/microlib/init/entry.s            0x00000000   Number         0  entry.o ABSOLUTE
    ../clib/microlib/init/entry.s            0x00000000   Number         0  entry2.o ABSOLUTE
    ../clib/microlib/init/entry.s            0x00000000   Number         0  entry11b.o ABSOLUTE
    ../clib/microlib/init/entry.s            0x00000000   Number         0  entry10b.o ABSOLUTE
    ../clib/microlib/init/entry.s            0x00000000   Number         0  entry10a.o ABSOLUTE
    ../clib/microlib/init/entry.s            0x00000000   Number         0  entry9b.o ABSOLUTE
    ../clib/microlib/init/entry.s            0x00000000   Number         0  entry9a.o ABSOLUTE
    ../clib/microlib/init/entry.s            0x00000000   Number         0  entry8b.o ABSOLUTE
    ../clib/microlib/longlong.c              0x00000000   Number         0  llshl.o ABSOLUTE
    ../clib/microlib/longlong.c              0x00000000   Number         0  llushr.o ABSOLUTE
    ../clib/microlib/malloc/malloc.c         0x00000000   Number         0  mallocra.o ABSOLUTE
    ../clib/microlib/malloc/malloc.c         0x00000000   Number         0  malloc.o ABSOLUTE
    ../clib/microlib/malloc/malloc.c         0x00000000   Number         0  mallocr.o ABSOLUTE
    ../clib/microlib/malloc/malloc.c         0x00000000   Number         0  malloca.o ABSOLUTE
    ../clib/microlib/malloc/mvars.c          0x00000000   Number         0  mvars.o ABSOLUTE
    ../clib/microlib/string/memcpy.c         0x00000000   Number         0  memcpya.o ABSOLUTE
    ../clib/microlib/string/memcpy.c         0x00000000   Number         0  memcpyb.o ABSOLUTE
    ../clib/microlib/string/memset.c         0x00000000   Number         0  memseta.o ABSOLUTE
    ..\Drivers\STM32F4xx_HAL_Driver\Src\stm32f4xx_ll_dma.c 0x00000000   Number         0  stm32f4xx_ll_dma.o ABSOLUTE
    ..\Drivers\STM32F4xx_HAL_Driver\Src\stm32f4xx_ll_exti.c 0x00000000   Number         0  stm32f4xx_ll_exti.o ABSOLUTE
    ..\Drivers\STM32F4xx_HAL_Driver\Src\stm32f4xx_ll_gpio.c 0x00000000   Number         0  stm32f4xx_ll_gpio.o ABSOLUTE
    ..\Drivers\STM32F4xx_HAL_Driver\Src\stm32f4xx_ll_i2c.c 0x00000000   Number         0  stm32f4xx_ll_i2c.o ABSOLUTE
    ..\Drivers\STM32F4xx_HAL_Driver\Src\stm32f4xx_ll_rcc.c 0x00000000   Number         0  stm32f4xx_ll_rcc.o ABSOLUTE
    ..\Drivers\STM32F4xx_HAL_Driver\Src\stm32f4xx_ll_tim.c 0x00000000   Number         0  stm32f4xx_ll_tim.o ABSOLUTE
    ..\Drivers\STM32F4xx_HAL_Driver\Src\stm32f4xx_ll_usart.c 0x00000000   Number         0  stm32f4xx_ll_usart.o ABSOLUTE
    ..\Drivers\STM32F4xx_HAL_Driver\Src\stm32f4xx_ll_utils.c 0x00000000   Number         0  stm32f4xx_ll_utils.o ABSOLUTE
    ..\Src\characters.c                      0x00000000   Number         0  characters.o ABSOLUTE
    ..\Src\functions.c                       0x00000000   Number         0  functions.o ABSOLUTE
    ..\Src\init.c                            0x00000000   Number         0  init.o ABSOLUTE
    ..\Src\main.c                            0x00000000   Number         0  main.o ABSOLUTE
    ..\Src\stm32f4xx_it.c                    0x00000000   Number         0  stm32f4xx_it.o ABSOLUTE
    ..\Src\system_stm32f4xx.c                0x00000000   Number         0  system_stm32f4xx.o ABSOLUTE
    ..\Src\ws2812b_control.c                 0x00000000   Number         0  ws2812b_control.o ABSOLUTE
    ..\\Src\\characters.c                    0x00000000   Number         0  characters.o ABSOLUTE
    ..\\Src\\functions.c                     0x00000000   Number         0  functions.o ABSOLUTE
    ..\\Src\\init.c                          0x00000000   Number         0  init.o ABSOLUTE
    ..\\Src\\ws2812b_control.c               0x00000000   Number         0  ws2812b_control.o ABSOLUTE
    dc.s                                     0x00000000   Number         0  dc.o ABSOLUTE
    handlers.s                               0x00000000   Number         0  handlers.o ABSOLUTE
    init.s                                   0x00000000   Number         0  init.o ABSOLUTE
    startup_stm32f407xx.s                    0x00000000   Number         0  startup_stm32f407xx.o ABSOLUTE
    RESET                                    0x08000000   Section      392  startup_stm32f407xx.o(RESET)
    .ARM.Collect$$$$00000000                 0x08000188   Section        0  entry.o(.ARM.Collect$$$$00000000)
    .ARM.Collect$$$$00000001                 0x08000188   Section        4  entry2.o(.ARM.Collect$$$$00000001)
    .ARM.Collect$$$$00000004                 0x0800018c   Section        4  entry5.o(.ARM.Collect$$$$00000004)
    .ARM.Collect$$$$00000008                 0x08000190   Section        0  entry7b.o(.ARM.Collect$$$$00000008)
    .ARM.Collect$$$$0000000A                 0x08000190   Section        0  entry8b.o(.ARM.Collect$$$$0000000A)
    .ARM.Collect$$$$0000000B                 0x08000190   Section        8  entry9a.o(.ARM.Collect$$$$0000000B)
    .ARM.Collect$$$$0000000D                 0x08000198   Section        0  entry10a.o(.ARM.Collect$$$$0000000D)
    .ARM.Collect$$$$0000000F                 0x08000198   Section        0  entry11a.o(.ARM.Collect$$$$0000000F)
    .ARM.Collect$$$$00002712                 0x08000198   Section        4  entry2.o(.ARM.Collect$$$$00002712)
    __lit__00000000                          0x08000198   Data           4  entry2.o(.ARM.Collect$$$$00002712)
    .text                                    0x0800019c   Section       36  startup_stm32f407xx.o(.text)
    $v0                                      0x0800019c   Number         0  startup_stm32f407xx.o(.text)
    .text                                    0x080001c0   Section        0  memseta.o(.text)
    .text                                    0x080001e4   Section       36  init.o(.text)
    i.BusFault_Handler                       0x08000208   Section        0  stm32f4xx_it.o(i.BusFault_Handler)
    i.DMA1_Stream0_IRQHandler                0x0800020c   Section        0  ws2812b_control.o(i.DMA1_Stream0_IRQHandler)
    i.DebugMon_Handler                       0x08000238   Section        0  stm32f4xx_it.o(i.DebugMon_Handler)
    i.EXTI15_10_IRQHandler                   0x0800023c   Section        0  stm32f4xx_it.o(i.EXTI15_10_IRQHandler)
    i.EXTI2_IRQHandler                       0x0800027c   Section        0  stm32f4xx_it.o(i.EXTI2_IRQHandler)
    i.HardFault_Handler                      0x08000294   Section        0  stm32f4xx_it.o(i.HardFault_Handler)
    i.LED_debug_init                         0x08000298   Section        0  init.o(i.LED_debug_init)
    i.LL_AHB1_GRP1_EnableClock               0x080002d4   Section        0  init.o(i.LL_AHB1_GRP1_EnableClock)
    LL_AHB1_GRP1_EnableClock                 0x080002d5   Thumb Code    18  init.o(i.LL_AHB1_GRP1_EnableClock)
    i.LL_APB1_GRP1_EnableClock               0x080002ec   Section        0  init.o(i.LL_APB1_GRP1_EnableClock)
    LL_APB1_GRP1_EnableClock                 0x080002ed   Thumb Code    18  init.o(i.LL_APB1_GRP1_EnableClock)
    i.LL_APB2_GRP1_EnableClock               0x08000304   Section        0  init.o(i.LL_APB2_GRP1_EnableClock)
    LL_APB2_GRP1_EnableClock                 0x08000305   Thumb Code    18  init.o(i.LL_APB2_GRP1_EnableClock)
    i.LL_DMA_DisableStream                   0x0800031c   Section        0  ws2812b_control.o(i.LL_DMA_DisableStream)
    LL_DMA_DisableStream                     0x0800031d   Thumb Code    14  ws2812b_control.o(i.LL_DMA_DisableStream)
    i.LL_DMA_EnableStream                    0x08000330   Section        0  ws2812b_control.o(i.LL_DMA_EnableStream)
    LL_DMA_EnableStream                      0x08000331   Thumb Code    14  ws2812b_control.o(i.LL_DMA_EnableStream)
    i.LL_DMA_SetDataLength                   0x08000344   Section        0  ws2812b_control.o(i.LL_DMA_SetDataLength)
    LL_DMA_SetDataLength                     0x08000345   Thumb Code    18  ws2812b_control.o(i.LL_DMA_SetDataLength)
    i.LL_DMA_SetMode                         0x0800035c   Section        0  ws2812b_control.o(i.LL_DMA_SetMode)
    LL_DMA_SetMode                           0x0800035d   Thumb Code    16  ws2812b_control.o(i.LL_DMA_SetMode)
    i.LL_EXTI_Init                           0x08000370   Section        0  stm32f4xx_ll_exti.o(i.LL_EXTI_Init)
    i.LL_EXTI_IsActiveFlag_0_31              0x08000410   Section        0  stm32f4xx_it.o(i.LL_EXTI_IsActiveFlag_0_31)
    LL_EXTI_IsActiveFlag_0_31                0x08000411   Thumb Code    16  stm32f4xx_it.o(i.LL_EXTI_IsActiveFlag_0_31)
    i.LL_GPIO_Init                           0x08000424   Section        0  stm32f4xx_ll_gpio.o(i.LL_GPIO_Init)
    i.LL_GPIO_SetPinMode                     0x08000574   Section        0  init.o(i.LL_GPIO_SetPinMode)
    LL_GPIO_SetPinMode                       0x08000575   Thumb Code    38  init.o(i.LL_GPIO_SetPinMode)
    i.LL_GPIO_SetPinPull                     0x0800059a   Section        0  init.o(i.LL_GPIO_SetPinPull)
    LL_GPIO_SetPinPull                       0x0800059b   Thumb Code    38  init.o(i.LL_GPIO_SetPinPull)
    i.LL_Init1msTick                         0x080005c0   Section        0  stm32f4xx_ll_utils.o(i.LL_Init1msTick)
    i.LL_SYSCFG_SetEXTISource                0x080005dc   Section        0  init.o(i.LL_SYSCFG_SetEXTISource)
    LL_SYSCFG_SetEXTISource                  0x080005dd   Thumb Code    36  init.o(i.LL_SYSCFG_SetEXTISource)
    i.LL_SetSystemCoreClock                  0x08000604   Section        0  stm32f4xx_ll_utils.o(i.LL_SetSystemCoreClock)
    i.LL_TIM_Init                            0x08000610   Section        0  stm32f4xx_ll_tim.o(i.LL_TIM_Init)
    i.LL_TIM_OC_DisableFast                  0x080006d8   Section        0  init.o(i.LL_TIM_OC_DisableFast)
    LL_TIM_OC_DisableFast                    0x080006d9   Thumb Code    80  init.o(i.LL_TIM_OC_DisableFast)
    i.LL_TIM_OC_EnablePreload                0x0800072c   Section        0  init.o(i.LL_TIM_OC_EnablePreload)
    LL_TIM_OC_EnablePreload                  0x0800072d   Thumb Code    80  init.o(i.LL_TIM_OC_EnablePreload)
    i.LL_TIM_OC_Init                         0x08000780   Section        0  stm32f4xx_ll_tim.o(i.LL_TIM_OC_Init)
    i.MX_DMA_Init                            0x08000948   Section        0  init.o(i.MX_DMA_Init)
    i.MX_GPIO_Init                           0x08000970   Section        0  init.o(i.MX_GPIO_Init)
    i.MX_TIM4_Init                           0x08000a80   Section        0  init.o(i.MX_TIM4_Init)
    i.MX_TIM9_Init                           0x08000bf4   Section        0  init.o(i.MX_TIM9_Init)
    i.MemManage_Handler                      0x08000c68   Section        0  stm32f4xx_it.o(i.MemManage_Handler)
    i.NMI_Handler                            0x08000c6a   Section        0  stm32f4xx_it.o(i.NMI_Handler)
    i.NVIC_EncodePriority                    0x08000c6c   Section        0  init.o(i.NVIC_EncodePriority)
    NVIC_EncodePriority                      0x08000c6d   Thumb Code    50  init.o(i.NVIC_EncodePriority)
    i.PendSV_Handler                         0x08000c9e   Section        0  stm32f4xx_it.o(i.PendSV_Handler)
    i.SVC_Handler                            0x08000ca0   Section        0  stm32f4xx_it.o(i.SVC_Handler)
    i.SysTick_Handler                        0x08000ca2   Section        0  stm32f4xx_it.o(i.SysTick_Handler)
    i.SystemClock_Config                     0x08000ca4   Section        0  init.o(i.SystemClock_Config)
    i.SystemInit                             0x08000d70   Section        0  system_stm32f4xx.o(i.SystemInit)
    i.TIM1_BRK_TIM9_IRQHandler               0x08000d8c   Section        0  stm32f4xx_it.o(i.TIM1_BRK_TIM9_IRQHandler)
    i.USART1_IRQHandler                      0x08000dbc   Section        0  stm32f4xx_it.o(i.USART1_IRQHandler)
    i.USART3_IRQHandler                      0x08000dbe   Section        0  stm32f4xx_it.o(i.USART3_IRQHandler)
    i.USART6_IRQHandler                      0x08000dc0   Section        0  stm32f4xx_it.o(i.USART6_IRQHandler)
    i.UsageFault_Handler                     0x08000dc2   Section        0  stm32f4xx_it.o(i.UsageFault_Handler)
    i.__NVIC_EnableIRQ                       0x08000dc4   Section        0  init.o(i.__NVIC_EnableIRQ)
    __NVIC_EnableIRQ                         0x08000dc5   Thumb Code    26  init.o(i.__NVIC_EnableIRQ)
    i.__NVIC_GetPriorityGrouping             0x08000de0   Section        0  init.o(i.__NVIC_GetPriorityGrouping)
    __NVIC_GetPriorityGrouping               0x08000de1   Thumb Code    10  init.o(i.__NVIC_GetPriorityGrouping)
    i.__NVIC_SetPriority                     0x08000df0   Section        0  init.o(i.__NVIC_SetPriority)
    __NVIC_SetPriority                       0x08000df1   Thumb Code    32  init.o(i.__NVIC_SetPriority)
    i.__scatterload_copy                     0x08000e10   Section       14  handlers.o(i.__scatterload_copy)
    i.__scatterload_null                     0x08000e1e   Section        2  handlers.o(i.__scatterload_null)
    i.__scatterload_zeroinit                 0x08000e20   Section       14  handlers.o(i.__scatterload_zeroinit)
    i.clearLED                               0x08000e30   Section        0  functions.o(i.clearLED)
    i.led_fill_led_pwm_data                  0x08000e5c   Section        0  ws2812b_control.o(i.led_fill_led_pwm_data)
    led_fill_led_pwm_data                    0x08000e5d   Thumb Code   130  ws2812b_control.o(i.led_fill_led_pwm_data)
    i.led_is_update_finished                 0x08000ee8   Section        0  ws2812b_control.o(i.led_is_update_finished)
    i.led_set_color                          0x08000efc   Section        0  ws2812b_control.o(i.led_set_color)
    i.led_set_color_all                      0x08000f78   Section        0  ws2812b_control.o(i.led_set_color_all)
    i.led_start_reset_pulse                  0x08000fa4   Section        0  ws2812b_control.o(i.led_start_reset_pulse)
    led_start_reset_pulse                    0x08000fa5   Thumb Code   132  ws2812b_control.o(i.led_start_reset_pulse)
    i.led_update                             0x0800103c   Section        0  ws2812b_control.o(i.led_update)
    i.led_update_sequence                    0x08001068   Section        0  ws2812b_control.o(i.led_update_sequence)
    led_update_sequence                      0x08001069   Thumb Code   234  ws2812b_control.o(i.led_update_sequence)
    i.loadDataToLED                          0x08001168   Section        0  functions.o(i.loadDataToLED)
    i.main                                   0x080011c4   Section        0  main.o(i.main)
    i.showLED                                0x08001274   Section        0  main.o(i.showLED)
    i.testFunction                           0x080012b0   Section        0  functions.o(i.testFunction)
    .constdata                               0x080012e0   Section       36  init.o(.constdata)
    OFFSET_TAB_CCMRx                         0x080012e0   Data           7  init.o(.constdata)
    SHIFT_TAB_OCxx                           0x080012e7   Data           7  init.o(.constdata)
    SHIFT_TAB_ICxx                           0x080012ee   Data           7  init.o(.constdata)
    SHIFT_TAB_CCxP                           0x080012f5   Data           7  init.o(.constdata)
    STREAM_OFFSET_TAB                        0x080012fc   Data           8  init.o(.constdata)
    .constdata                               0x08001304   Section        8  ws2812b_control.o(.constdata)
    STREAM_OFFSET_TAB                        0x08001304   Data           8  ws2812b_control.o(.constdata)
    .data                                    0x20000000   Section       16  stm32f4xx_it.o(.data)
    .data                                    0x20000010   Section        8  ws2812b_control.o(.data)
    is_reset_pulse                           0x20000010   Data           1  ws2812b_control.o(.data)
    is_updating                              0x20000011   Data           1  ws2812b_control.o(.data)
    current_led                              0x20000014   Data           4  ws2812b_control.o(.data)
    .data                                    0x20000018   Section        4  system_stm32f4xx.o(.data)
    .bss                                     0x2000001c   Section      492  ws2812b_control.o(.bss)
    leds_colors                              0x2000001c   Data         300  ws2812b_control.o(.bss)
    tmp_led_data                             0x20000148   Data         192  ws2812b_control.o(.bss)
    .bss                                     0x20000208   Section     6000  functions.o(.bss)
    STACK                                    0x20001978   Section     1024  startup_stm32f407xx.o(STACK)

    Global Symbols

    Symbol Name                              Value     Ov Type        Size  Object(Section)

    BuildAttributes$$THM_ISAv4$E$P$D$K$B$S$7EM$VFPi3$EXTD16$VFPS$VFMA$PE$A:L22UL41UL21$X:L11$S22US41US21$IEEE1$IW$USESV6$~STKCKD$USESV7$~SHL$OSPACE$EBA8$MICROLIB$REQ8$PRES8$EABIv2 0x00000000   Number         0  anon$$obj.o ABSOLUTE
    __ARM_use_no_argv                        0x00000000   Number         0  main.o ABSOLUTE
    __cpp_initialize__aeabi_                  - Undefined Weak Reference
    __cxa_finalize                            - Undefined Weak Reference
    __decompress                              - Undefined Weak Reference
    _clock_init                               - Undefined Weak Reference
    _microlib_exit                            - Undefined Weak Reference
    __Vectors_Size                           0x00000188   Number         0  startup_stm32f407xx.o ABSOLUTE
    __Vectors                                0x08000000   Data           4  startup_stm32f407xx.o(RESET)
    __Vectors_End                            0x08000188   Data           0  startup_stm32f407xx.o(RESET)
    __main                                   0x08000189   Thumb Code     0  entry.o(.ARM.Collect$$$$00000000)
    _main_stk                                0x08000189   Thumb Code     0  entry2.o(.ARM.Collect$$$$00000001)
    _main_scatterload                        0x0800018d   Thumb Code     0  entry5.o(.ARM.Collect$$$$00000004)
    __main_after_scatterload                 0x08000191   Thumb Code     0  entry5.o(.ARM.Collect$$$$00000004)
    _main_clock                              0x08000191   Thumb Code     0  entry7b.o(.ARM.Collect$$$$00000008)
    _main_cpp_init                           0x08000191   Thumb Code     0  entry8b.o(.ARM.Collect$$$$0000000A)
    _main_init                               0x08000191   Thumb Code     0  entry9a.o(.ARM.Collect$$$$0000000B)
    __rt_final_cpp                           0x08000199   Thumb Code     0  entry10a.o(.ARM.Collect$$$$0000000D)
    __rt_final_exit                          0x08000199   Thumb Code     0  entry11a.o(.ARM.Collect$$$$0000000F)
    Reset_Handler                            0x0800019d   Thumb Code     8  startup_stm32f407xx.o(.text)
    ADC_IRQHandler                           0x080001b7   Thumb Code     0  startup_stm32f407xx.o(.text)
    CAN1_RX0_IRQHandler                      0x080001b7   Thumb Code     0  startup_stm32f407xx.o(.text)
    CAN1_RX1_IRQHandler                      0x080001b7   Thumb Code     0  startup_stm32f407xx.o(.text)
    CAN1_SCE_IRQHandler                      0x080001b7   Thumb Code     0  startup_stm32f407xx.o(.text)
    CAN1_TX_IRQHandler                       0x080001b7   Thumb Code     0  startup_stm32f407xx.o(.text)
    CAN2_RX0_IRQHandler                      0x080001b7   Thumb Code     0  startup_stm32f407xx.o(.text)
    CAN2_RX1_IRQHandler                      0x080001b7   Thumb Code     0  startup_stm32f407xx.o(.text)
    CAN2_SCE_IRQHandler                      0x080001b7   Thumb Code     0  startup_stm32f407xx.o(.text)
    CAN2_TX_IRQHandler                       0x080001b7   Thumb Code     0  startup_stm32f407xx.o(.text)
    DCMI_IRQHandler                          0x080001b7   Thumb Code     0  startup_stm32f407xx.o(.text)
    DMA1_Stream1_IRQHandler                  0x080001b7   Thumb Code     0  startup_stm32f407xx.o(.text)
    DMA1_Stream2_IRQHandler                  0x080001b7   Thumb Code     0  startup_stm32f407xx.o(.text)
    DMA1_Stream3_IRQHandler                  0x080001b7   Thumb Code     0  startup_stm32f407xx.o(.text)
    DMA1_Stream4_IRQHandler                  0x080001b7   Thumb Code     0  startup_stm32f407xx.o(.text)
    DMA1_Stream5_IRQHandler                  0x080001b7   Thumb Code     0  startup_stm32f407xx.o(.text)
    DMA1_Stream6_IRQHandler                  0x080001b7   Thumb Code     0  startup_stm32f407xx.o(.text)
    DMA1_Stream7_IRQHandler                  0x080001b7   Thumb Code     0  startup_stm32f407xx.o(.text)
    DMA2_Stream0_IRQHandler                  0x080001b7   Thumb Code     0  startup_stm32f407xx.o(.text)
    DMA2_Stream1_IRQHandler                  0x080001b7   Thumb Code     0  startup_stm32f407xx.o(.text)
    DMA2_Stream2_IRQHandler                  0x080001b7   Thumb Code     0  startup_stm32f407xx.o(.text)
    DMA2_Stream3_IRQHandler                  0x080001b7   Thumb Code     0  startup_stm32f407xx.o(.text)
    DMA2_Stream4_IRQHandler                  0x080001b7   Thumb Code     0  startup_stm32f407xx.o(.text)
    DMA2_Stream5_IRQHandler                  0x080001b7   Thumb Code     0  startup_stm32f407xx.o(.text)
    DMA2_Stream6_IRQHandler                  0x080001b7   Thumb Code     0  startup_stm32f407xx.o(.text)
    DMA2_Stream7_IRQHandler                  0x080001b7   Thumb Code     0  startup_stm32f407xx.o(.text)
    ETH_IRQHandler                           0x080001b7   Thumb Code     0  startup_stm32f407xx.o(.text)
    ETH_WKUP_IRQHandler                      0x080001b7   Thumb Code     0  startup_stm32f407xx.o(.text)
    EXTI0_IRQHandler                         0x080001b7   Thumb Code     0  startup_stm32f407xx.o(.text)
    EXTI1_IRQHandler                         0x080001b7   Thumb Code     0  startup_stm32f407xx.o(.text)
    EXTI3_IRQHandler                         0x080001b7   Thumb Code     0  startup_stm32f407xx.o(.text)
    EXTI4_IRQHandler                         0x080001b7   Thumb Code     0  startup_stm32f407xx.o(.text)
    EXTI9_5_IRQHandler                       0x080001b7   Thumb Code     0  startup_stm32f407xx.o(.text)
    FLASH_IRQHandler                         0x080001b7   Thumb Code     0  startup_stm32f407xx.o(.text)
    FMC_IRQHandler                           0x080001b7   Thumb Code     0  startup_stm32f407xx.o(.text)
    FPU_IRQHandler                           0x080001b7   Thumb Code     0  startup_stm32f407xx.o(.text)
    HASH_RNG_IRQHandler                      0x080001b7   Thumb Code     0  startup_stm32f407xx.o(.text)
    I2C1_ER_IRQHandler                       0x080001b7   Thumb Code     0  startup_stm32f407xx.o(.text)
    I2C1_EV_IRQHandler                       0x080001b7   Thumb Code     0  startup_stm32f407xx.o(.text)
    I2C2_ER_IRQHandler                       0x080001b7   Thumb Code     0  startup_stm32f407xx.o(.text)
    I2C2_EV_IRQHandler                       0x080001b7   Thumb Code     0  startup_stm32f407xx.o(.text)
    I2C3_ER_IRQHandler                       0x080001b7   Thumb Code     0  startup_stm32f407xx.o(.text)
    I2C3_EV_IRQHandler                       0x080001b7   Thumb Code     0  startup_stm32f407xx.o(.text)
    OTG_FS_IRQHandler                        0x080001b7   Thumb Code     0  startup_stm32f407xx.o(.text)
    OTG_FS_WKUP_IRQHandler                   0x080001b7   Thumb Code     0  startup_stm32f407xx.o(.text)
    OTG_HS_EP1_IN_IRQHandler                 0x080001b7   Thumb Code     0  startup_stm32f407xx.o(.text)
    OTG_HS_EP1_OUT_IRQHandler                0x080001b7   Thumb Code     0  startup_stm32f407xx.o(.text)
    OTG_HS_IRQHandler                        0x080001b7   Thumb Code     0  startup_stm32f407xx.o(.text)
    OTG_HS_WKUP_IRQHandler                   0x080001b7   Thumb Code     0  startup_stm32f407xx.o(.text)
    PVD_IRQHandler                           0x080001b7   Thumb Code     0  startup_stm32f407xx.o(.text)
    RCC_IRQHandler                           0x080001b7   Thumb Code     0  startup_stm32f407xx.o(.text)
    RTC_Alarm_IRQHandler                     0x080001b7   Thumb Code     0  startup_stm32f407xx.o(.text)
    RTC_WKUP_IRQHandler                      0x080001b7   Thumb Code     0  startup_stm32f407xx.o(.text)
    SDIO_IRQHandler                          0x080001b7   Thumb Code     0  startup_stm32f407xx.o(.text)
    SPI1_IRQHandler                          0x080001b7   Thumb Code     0  startup_stm32f407xx.o(.text)
    SPI2_IRQHandler                          0x080001b7   Thumb Code     0  startup_stm32f407xx.o(.text)
    SPI3_IRQHandler                          0x080001b7   Thumb Code     0  startup_stm32f407xx.o(.text)
    TAMP_STAMP_IRQHandler                    0x080001b7   Thumb Code     0  startup_stm32f407xx.o(.text)
    TIM1_CC_IRQHandler                       0x080001b7   Thumb Code     0  startup_stm32f407xx.o(.text)
    TIM1_TRG_COM_TIM11_IRQHandler            0x080001b7   Thumb Code     0  startup_stm32f407xx.o(.text)
    TIM1_UP_TIM10_IRQHandler                 0x080001b7   Thumb Code     0  startup_stm32f407xx.o(.text)
    TIM2_IRQHandler                          0x080001b7   Thumb Code     0  startup_stm32f407xx.o(.text)
    TIM3_IRQHandler                          0x080001b7   Thumb Code     0  startup_stm32f407xx.o(.text)
    TIM4_IRQHandler                          0x080001b7   Thumb Code     0  startup_stm32f407xx.o(.text)
    TIM5_IRQHandler                          0x080001b7   Thumb Code     0  startup_stm32f407xx.o(.text)
    TIM6_DAC_IRQHandler                      0x080001b7   Thumb Code     0  startup_stm32f407xx.o(.text)
    TIM7_IRQHandler                          0x080001b7   Thumb Code     0  startup_stm32f407xx.o(.text)
    TIM8_BRK_TIM12_IRQHandler                0x080001b7   Thumb Code     0  startup_stm32f407xx.o(.text)
    TIM8_CC_IRQHandler                       0x080001b7   Thumb Code     0  startup_stm32f407xx.o(.text)
    TIM8_TRG_COM_TIM14_IRQHandler            0x080001b7   Thumb Code     0  startup_stm32f407xx.o(.text)
    TIM8_UP_TIM13_IRQHandler                 0x080001b7   Thumb Code     0  startup_stm32f407xx.o(.text)
    UART4_IRQHandler                         0x080001b7   Thumb Code     0  startup_stm32f407xx.o(.text)
    UART5_IRQHandler                         0x080001b7   Thumb Code     0  startup_stm32f407xx.o(.text)
    USART2_IRQHandler                        0x080001b7   Thumb Code     0  startup_stm32f407xx.o(.text)
    WWDG_IRQHandler                          0x080001b7   Thumb Code     0  startup_stm32f407xx.o(.text)
    __aeabi_memset                           0x080001c1   Thumb Code    14  memseta.o(.text)
    __aeabi_memset4                          0x080001c1   Thumb Code     0  memseta.o(.text)
    __aeabi_memset8                          0x080001c1   Thumb Code     0  memseta.o(.text)
    __aeabi_memclr                           0x080001cf   Thumb Code     4  memseta.o(.text)
    __aeabi_memclr4                          0x080001cf   Thumb Code     0  memseta.o(.text)
    __aeabi_memclr8                          0x080001cf   Thumb Code     0  memseta.o(.text)
    _memset$wrapper                          0x080001d3   Thumb Code    18  memseta.o(.text)
    __scatterload                            0x080001e5   Thumb Code    28  init.o(.text)
    __scatterload_rt2                        0x080001e5   Thumb Code     0  init.o(.text)
    BusFault_Handler                         0x08000209   Thumb Code     2  stm32f4xx_it.o(i.BusFault_Handler)
    DMA1_Stream0_IRQHandler                  0x0800020d   Thumb Code    40  ws2812b_control.o(i.DMA1_Stream0_IRQHandler)
    DebugMon_Handler                         0x08000239   Thumb Code     2  stm32f4xx_it.o(i.DebugMon_Handler)
    EXTI15_10_IRQHandler                     0x0800023d   Thumb Code    56  stm32f4xx_it.o(i.EXTI15_10_IRQHandler)
    EXTI2_IRQHandler                         0x0800027d   Thumb Code    20  stm32f4xx_it.o(i.EXTI2_IRQHandler)
    HardFault_Handler                        0x08000295   Thumb Code     2  stm32f4xx_it.o(i.HardFault_Handler)
    LED_debug_init                           0x08000299   Thumb Code    54  init.o(i.LED_debug_init)
    LL_EXTI_Init                             0x08000371   Thumb Code   156  stm32f4xx_ll_exti.o(i.LL_EXTI_Init)
    LL_GPIO_Init                             0x08000425   Thumb Code   336  stm32f4xx_ll_gpio.o(i.LL_GPIO_Init)
    LL_Init1msTick                           0x080005c1   Thumb Code    26  stm32f4xx_ll_utils.o(i.LL_Init1msTick)
    LL_SetSystemCoreClock                    0x08000605   Thumb Code     6  stm32f4xx_ll_utils.o(i.LL_SetSystemCoreClock)
    LL_TIM_Init                              0x08000611   Thumb Code   156  stm32f4xx_ll_tim.o(i.LL_TIM_Init)
    LL_TIM_OC_Init                           0x08000781   Thumb Code   446  stm32f4xx_ll_tim.o(i.LL_TIM_OC_Init)
    MX_DMA_Init                              0x08000949   Thumb Code    40  init.o(i.MX_DMA_Init)
    MX_GPIO_Init                             0x08000971   Thumb Code   256  init.o(i.MX_GPIO_Init)
    MX_TIM4_Init                             0x08000a81   Thumb Code   356  init.o(i.MX_TIM4_Init)
    MX_TIM9_Init                             0x08000bf5   Thumb Code   110  init.o(i.MX_TIM9_Init)
    MemManage_Handler                        0x08000c69   Thumb Code     2  stm32f4xx_it.o(i.MemManage_Handler)
    NMI_Handler                              0x08000c6b   Thumb Code     2  stm32f4xx_it.o(i.NMI_Handler)
    PendSV_Handler                           0x08000c9f   Thumb Code     2  stm32f4xx_it.o(i.PendSV_Handler)
    SVC_Handler                              0x08000ca1   Thumb Code     2  stm32f4xx_it.o(i.SVC_Handler)
    SysTick_Handler                          0x08000ca3   Thumb Code     2  stm32f4xx_it.o(i.SysTick_Handler)
    SystemClock_Config                       0x08000ca5   Thumb Code   178  init.o(i.SystemClock_Config)
    SystemInit                               0x08000d71   Thumb Code    22  system_stm32f4xx.o(i.SystemInit)
    TIM1_BRK_TIM9_IRQHandler                 0x08000d8d   Thumb Code    38  stm32f4xx_it.o(i.TIM1_BRK_TIM9_IRQHandler)
    USART1_IRQHandler                        0x08000dbd   Thumb Code     2  stm32f4xx_it.o(i.USART1_IRQHandler)
    USART3_IRQHandler                        0x08000dbf   Thumb Code     2  stm32f4xx_it.o(i.USART3_IRQHandler)
    USART6_IRQHandler                        0x08000dc1   Thumb Code     2  stm32f4xx_it.o(i.USART6_IRQHandler)
    UsageFault_Handler                       0x08000dc3   Thumb Code     2  stm32f4xx_it.o(i.UsageFault_Handler)
    __scatterload_copy                       0x08000e11   Thumb Code    14  handlers.o(i.__scatterload_copy)
    __scatterload_null                       0x08000e1f   Thumb Code     2  handlers.o(i.__scatterload_null)
    __scatterload_zeroinit                   0x08000e21   Thumb Code    14  handlers.o(i.__scatterload_zeroinit)
    clearLED                                 0x08000e31   Thumb Code    38  functions.o(i.clearLED)
    led_is_update_finished                   0x08000ee9   Thumb Code    14  ws2812b_control.o(i.led_is_update_finished)
    led_set_color                            0x08000efd   Thumb Code   120  ws2812b_control.o(i.led_set_color)
    led_set_color_all                        0x08000f79   Thumb Code    38  ws2812b_control.o(i.led_set_color_all)
    led_update                               0x0800103d   Thumb Code    40  ws2812b_control.o(i.led_update)
    loadDataToLED                            0x08001169   Thumb Code    86  functions.o(i.loadDataToLED)
    main                                     0x080011c5   Thumb Code   158  main.o(i.main)
    showLED                                  0x08001275   Thumb Code    52  main.o(i.showLED)
    testFunction                             0x080012b1   Thumb Code    42  functions.o(i.testFunction)
    Region$$Table$$Base                      0x0800130c   Number         0  anon$$obj.o(Region$$Table)
    Region$$Table$$Limit                     0x0800132c   Number         0  anon$$obj.o(Region$$Table)
    isReset                                  0x20000000   Data           1  stm32f4xx_it.o(.data)
    timePerAngle                             0x20000004   Data           4  stm32f4xx_it.o(.data)
    timeDelay                                0x20000008   Data           4  stm32f4xx_it.o(.data)
    timePerRound                             0x2000000c   Data           4  stm32f4xx_it.o(.data)
    SystemCoreClock                          0x20000018   Data           4  system_stm32f4xx.o(.data)
    arr_Globe                                0x20000208   Data        6000  functions.o(.bss)
    __initial_sp                             0x20001d78   Data           0  startup_stm32f407xx.o(STACK)



==============================================================================

Memory Map of the image

  Image Entry point : 0x08000189

  Load Region LR_IROM1 (Base: 0x08000000, Size: 0x00001348, Max: 0x00100000, ABSOLUTE)

    Execution Region ER_IROM1 (Exec base: 0x08000000, Load base: 0x08000000, Size: 0x0000132c, Max: 0x00100000, ABSOLUTE)

    Exec Addr    Load Addr    Size         Type   Attr      Idx    E Section Name        Object

    0x08000000   0x08000000   0x00000188   Data   RO            3    RESET               startup_stm32f407xx.o
    0x08000188   0x08000188   0x00000000   Code   RO         1242  * .ARM.Collect$$$$00000000  mc_w.l(entry.o)
    0x08000188   0x08000188   0x00000004   Code   RO         1277    .ARM.Collect$$$$00000001  mc_w.l(entry2.o)
    0x0800018c   0x0800018c   0x00000004   Code   RO         1280    .ARM.Collect$$$$00000004  mc_w.l(entry5.o)
    0x08000190   0x08000190   0x00000000   Code   RO         1282    .ARM.Collect$$$$00000008  mc_w.l(entry7b.o)
    0x08000190   0x08000190   0x00000000   Code   RO         1284    .ARM.Collect$$$$0000000A  mc_w.l(entry8b.o)
    0x08000190   0x08000190   0x00000008   Code   RO         1285    .ARM.Collect$$$$0000000B  mc_w.l(entry9a.o)
    0x08000198   0x08000198   0x00000000   Code   RO         1287    .ARM.Collect$$$$0000000D  mc_w.l(entry10a.o)
    0x08000198   0x08000198   0x00000000   Code   RO         1289    .ARM.Collect$$$$0000000F  mc_w.l(entry11a.o)
    0x08000198   0x08000198   0x00000004   Code   RO         1278    .ARM.Collect$$$$00002712  mc_w.l(entry2.o)
    0x0800019c   0x0800019c   0x00000024   Code   RO            4    .text               startup_stm32f407xx.o
    0x080001c0   0x080001c0   0x00000024   Code   RO         1247    .text               mc_w.l(memseta.o)
    0x080001e4   0x080001e4   0x00000024   Code   RO         1301    .text               mc_w.l(init.o)
    0x08000208   0x08000208   0x00000002   Code   RO          135    i.BusFault_Handler  stm32f4xx_it.o
    0x0800020a   0x0800020a   0x00000002   PAD
    0x0800020c   0x0800020c   0x0000002c   Code   RO          484    i.DMA1_Stream0_IRQHandler  ws2812b_control.o
    0x08000238   0x08000238   0x00000002   Code   RO          136    i.DebugMon_Handler  stm32f4xx_it.o
    0x0800023a   0x0800023a   0x00000002   PAD
    0x0800023c   0x0800023c   0x00000040   Code   RO          137    i.EXTI15_10_IRQHandler  stm32f4xx_it.o
    0x0800027c   0x0800027c   0x00000018   Code   RO          138    i.EXTI2_IRQHandler  stm32f4xx_it.o
    0x08000294   0x08000294   0x00000002   Code   RO          139    i.HardFault_Handler  stm32f4xx_it.o
    0x08000296   0x08000296   0x00000002   PAD
    0x08000298   0x08000298   0x0000003c   Code   RO          273    i.LED_debug_init    init.o
    0x080002d4   0x080002d4   0x00000018   Code   RO          274    i.LL_AHB1_GRP1_EnableClock  init.o
    0x080002ec   0x080002ec   0x00000018   Code   RO          275    i.LL_APB1_GRP1_EnableClock  init.o
    0x08000304   0x08000304   0x00000018   Code   RO          276    i.LL_APB2_GRP1_EnableClock  init.o
    0x0800031c   0x0800031c   0x00000014   Code   RO          485    i.LL_DMA_DisableStream  ws2812b_control.o
    0x08000330   0x08000330   0x00000014   Code   RO          486    i.LL_DMA_EnableStream  ws2812b_control.o
    0x08000344   0x08000344   0x00000018   Code   RO          487    i.LL_DMA_SetDataLength  ws2812b_control.o
    0x0800035c   0x0800035c   0x00000014   Code   RO          488    i.LL_DMA_SetMode    ws2812b_control.o
    0x08000370   0x08000370   0x000000a0   Code   RO         1169    i.LL_EXTI_Init      stm32f4xx_ll_exti.o
    0x08000410   0x08000410   0x00000014   Code   RO          140    i.LL_EXTI_IsActiveFlag_0_31  stm32f4xx_it.o
    0x08000424   0x08000424   0x00000150   Code   RO          652    i.LL_GPIO_Init      stm32f4xx_ll_gpio.o
    0x08000574   0x08000574   0x00000026   Code   RO          277    i.LL_GPIO_SetPinMode  init.o
    0x0800059a   0x0800059a   0x00000026   Code   RO          278    i.LL_GPIO_SetPinPull  init.o
    0x080005c0   0x080005c0   0x0000001a   Code   RO         1083    i.LL_Init1msTick    stm32f4xx_ll_utils.o
    0x080005da   0x080005da   0x00000002   PAD
    0x080005dc   0x080005dc   0x00000028   Code   RO          279    i.LL_SYSCFG_SetEXTISource  init.o
    0x08000604   0x08000604   0x0000000c   Code   RO         1087    i.LL_SetSystemCoreClock  stm32f4xx_ll_utils.o
    0x08000610   0x08000610   0x000000c8   Code   RO          807    i.LL_TIM_Init       stm32f4xx_ll_tim.o
    0x080006d8   0x080006d8   0x00000054   Code   RO          284    i.LL_TIM_OC_DisableFast  init.o
    0x0800072c   0x0800072c   0x00000054   Code   RO          285    i.LL_TIM_OC_EnablePreload  init.o
    0x08000780   0x08000780   0x000001c8   Code   RO          808    i.LL_TIM_OC_Init    stm32f4xx_ll_tim.o
    0x08000948   0x08000948   0x00000028   Code   RO          286    i.MX_DMA_Init       init.o
    0x08000970   0x08000970   0x00000110   Code   RO          287    i.MX_GPIO_Init      init.o
    0x08000a80   0x08000a80   0x00000174   Code   RO          290    i.MX_TIM4_Init      init.o
    0x08000bf4   0x08000bf4   0x00000074   Code   RO          292    i.MX_TIM9_Init      init.o
    0x08000c68   0x08000c68   0x00000002   Code   RO          141    i.MemManage_Handler  stm32f4xx_it.o
    0x08000c6a   0x08000c6a   0x00000002   Code   RO          142    i.NMI_Handler       stm32f4xx_it.o
    0x08000c6c   0x08000c6c   0x00000032   Code   RO          296    i.NVIC_EncodePriority  init.o
    0x08000c9e   0x08000c9e   0x00000002   Code   RO          143    i.PendSV_Handler    stm32f4xx_it.o
    0x08000ca0   0x08000ca0   0x00000002   Code   RO          144    i.SVC_Handler       stm32f4xx_it.o
    0x08000ca2   0x08000ca2   0x00000002   Code   RO          145    i.SysTick_Handler   stm32f4xx_it.o
    0x08000ca4   0x08000ca4   0x000000cc   Code   RO          297    i.SystemClock_Config  init.o
    0x08000d70   0x08000d70   0x0000001c   Code   RO         1208    i.SystemInit        system_stm32f4xx.o
    0x08000d8c   0x08000d8c   0x00000030   Code   RO          146    i.TIM1_BRK_TIM9_IRQHandler  stm32f4xx_it.o
    0x08000dbc   0x08000dbc   0x00000002   Code   RO          147    i.USART1_IRQHandler  stm32f4xx_it.o
    0x08000dbe   0x08000dbe   0x00000002   Code   RO          148    i.USART3_IRQHandler  stm32f4xx_it.o
    0x08000dc0   0x08000dc0   0x00000002   Code   RO          149    i.USART6_IRQHandler  stm32f4xx_it.o
    0x08000dc2   0x08000dc2   0x00000002   Code   RO          150    i.UsageFault_Handler  stm32f4xx_it.o
    0x08000dc4   0x08000dc4   0x0000001a   Code   RO          298    i.__NVIC_EnableIRQ  init.o
    0x08000dde   0x08000dde   0x00000002   PAD
    0x08000de0   0x08000de0   0x00000010   Code   RO          299    i.__NVIC_GetPriorityGrouping  init.o
    0x08000df0   0x08000df0   0x00000020   Code   RO          300    i.__NVIC_SetPriority  init.o
    0x08000e10   0x08000e10   0x0000000e   Code   RO         1305    i.__scatterload_copy  mc_w.l(handlers.o)
    0x08000e1e   0x08000e1e   0x00000002   Code   RO         1306    i.__scatterload_null  mc_w.l(handlers.o)
    0x08000e20   0x08000e20   0x0000000e   Code   RO         1307    i.__scatterload_zeroinit  mc_w.l(handlers.o)
    0x08000e2e   0x08000e2e   0x00000002   PAD
    0x08000e30   0x08000e30   0x0000002c   Code   RO          580    i.clearLED          functions.o
    0x08000e5c   0x08000e5c   0x0000008c   Code   RO          489    i.led_fill_led_pwm_data  ws2812b_control.o
    0x08000ee8   0x08000ee8   0x00000014   Code   RO          490    i.led_is_update_finished  ws2812b_control.o
    0x08000efc   0x08000efc   0x0000007c   Code   RO          491    i.led_set_color     ws2812b_control.o
    0x08000f78   0x08000f78   0x0000002c   Code   RO          492    i.led_set_color_all  ws2812b_control.o
    0x08000fa4   0x08000fa4   0x00000098   Code   RO          493    i.led_start_reset_pulse  ws2812b_control.o
    0x0800103c   0x0800103c   0x0000002c   Code   RO          494    i.led_update        ws2812b_control.o
    0x08001068   0x08001068   0x00000100   Code   RO          495    i.led_update_sequence  ws2812b_control.o
    0x08001168   0x08001168   0x0000005c   Code   RO          582    i.loadDataToLED     functions.o
    0x080011c4   0x080011c4   0x000000b0   Code   RO           13    i.main              main.o
    0x08001274   0x08001274   0x0000003c   Code   RO           14    i.showLED           main.o
    0x080012b0   0x080012b0   0x00000030   Code   RO          583    i.testFunction      functions.o
    0x080012e0   0x080012e0   0x00000024   Data   RO          301    .constdata          init.o
    0x08001304   0x08001304   0x00000008   Data   RO          497    .constdata          ws2812b_control.o
    0x0800130c   0x0800130c   0x00000020   Data   RO         1303    Region$$Table       anon$$obj.o


    Execution Region RW_IRAM1 (Exec base: 0x20000000, Load base: 0x0800132c, Size: 0x00001d78, Max: 0x00020000, ABSOLUTE)

    Exec Addr    Load Addr    Size         Type   Attr      Idx    E Section Name        Object

    0x20000000   0x0800132c   0x00000010   Data   RW          151    .data               stm32f4xx_it.o
    0x20000010   0x0800133c   0x00000008   Data   RW          498    .data               ws2812b_control.o
    0x20000018   0x08001344   0x00000004   Data   RW         1211    .data               system_stm32f4xx.o
    0x2000001c        -       0x000001ec   Zero   RW          496    .bss                ws2812b_control.o
    0x20000208        -       0x00001770   Zero   RW          584    .bss                functions.o
    0x20001978        -       0x00000400   Zero   RW            1    STACK               startup_stm32f407xx.o


==============================================================================

Image component sizes


      Code (inc. data)   RO Data    RW Data    ZI Data      Debug   Object Name

       184         18          0          0       6000       2446   functions.o
      1544        106         36          0          0     128072   init.o
       236         26          0          0          0     605924   main.o
        36          8        392          0       1024        844   startup_stm32f407xx.o
       180         26          0         16          0      36652   stm32f4xx_it.o
       160          4          0          0          0       5071   stm32f4xx_ll_exti.o
       336          0          0          0          0       7211   stm32f4xx_ll_gpio.o
       656         54          0          0          0      32847   stm32f4xx_ll_tim.o
        38          6          0          0          0       8709   stm32f4xx_ll_utils.o
        28          6          0          4          0       1155   system_stm32f4xx.o
       908        108          8          8        492      50384   ws2812b_control.o

    ----------------------------------------------------------------------
      4316        362        468         28       7516     879315   Object Totals
         0          0         32          0          0          0   (incl. Generated)
        10          0          0          0          0          0   (incl. Padding)

    ----------------------------------------------------------------------

      Code (inc. data)   RO Data    RW Data    ZI Data      Debug   Library Member Name

         0          0          0          0          0          0   entry.o
         0          0          0          0          0          0   entry10a.o
         0          0          0          0          0          0   entry11a.o
         8          4          0          0          0          0   entry2.o
         4          0          0          0          0          0   entry5.o
         0          0          0          0          0          0   entry7b.o
         0          0          0          0          0          0   entry8b.o
         8          4          0          0          0          0   entry9a.o
        30          0          0          0          0          0   handlers.o
        36          8          0          0          0         68   init.o
        36          0          0          0          0        108   memseta.o

    ----------------------------------------------------------------------
       124         16          0          0          0        176   Library Totals
         2          0          0          0          0          0   (incl. Padding)

    ----------------------------------------------------------------------

      Code (inc. data)   RO Data    RW Data    ZI Data      Debug   Library Name

       122         16          0          0          0        176   mc_w.l

    ----------------------------------------------------------------------
       124         16          0          0          0        176   Library Totals

    ----------------------------------------------------------------------

==============================================================================


      Code (inc. data)   RO Data    RW Data    ZI Data      Debug   

      4440        378        468         28       7516     874495   Grand Totals
      4440        378        468         28       7516     874495   ELF Image Totals
      4440        378        468         28          0          0   ROM Totals

==============================================================================

    Total RO  Size (Code + RO Data)                 4908 (   4.79kB)
    Total RW  Size (RW Data + ZI Data)              7544 (   7.37kB)
    Total ROM Size (Code + RO Data + RW Data)       4936 (   4.82kB)

==============================================================================

